##R1 Config

Router>
Router>en
Router#sh ip int br
Interface              IP-Address      OK? Method Status                Protocol 
GigabitEthernet0/0/0   unassigned      YES unset  administratively down down 
GigabitEthernet0/0/1   unassigned      YES unset  administratively down down 
Serial0/1/0            unassigned      YES unset  administratively down down 
Serial0/1/1            unassigned      YES unset  administratively down down 
Vlan1                  unassigned      YES unset  administratively down down
Router#
Router#conf t
Enter configuration commands, one per line.  End with CNTL/Z.
Router(config)#hostname R1
R1(config)#int g0/0/0
R1(config-if)#ip address 192.168.1.1 255.255.255.0
R1(config-if)#no shutdown

R1(config-if)#
%LINK-5-CHANGED: Interface GigabitEthernet0/0/0, changed state to up

%LINEPROTO-5-UPDOWN: Line protocol on Interface GigabitEthernet0/0/0, changed state to up

R1(config-if)#exit
R1(config)#int s0/1/0 
R1(config-if)#ip address 10.0.0.1 255.255.255.252
R1(config-if)#no shutdown

%LINK-5-CHANGED: Interface Serial0/1/0, changed state to down
R1(config-if)#exit
R1(config)#
R1(config)#eigrp 1
            ^
% Invalid input detected at '^' marker.
	
R1(config)#router eig
R1(config)#router eigrp 1
R1(config-router)#network 192.168.1.0 0.0.0.255
R1(config-router)#network 10.0.0.0 0.0.0.3
R1(config-router)#no auto-summary
R1(config-router)#exit
R1(config)#end
R1#
%SYS-5-CONFIG_I: Configured from console by console

R1#wr
Building configuration...
[OK]